The ``My List`` module
==========================

Using ``print_sorted(self)``
--------------------


This is the test case for MyList.
It adds prints a list in sorted format

>>> MyList = __import__('1-my_list').MyList
>>> MyList.print_sorted()
Traceback (most recent call last):
...
TypeError: MyList.print_sorted() missing 1 required positional argument: 'self'

>>> MyList.print_sorted(None)
Traceback (most recent call last):
...
TypeError: 'NoneType' object is not iterable
 
>>> MyList.print_sorted(True)
Traceback (most recent call last):
...
TypeError: 'bool' object is not iterable
 
>>> MyList.print_sorted({'g':444, 'b':55})
['b', 'g']

>>> MyList.print_sorted([33, "lee", "Lee"])
Traceback (most recent call last):
...
TypeError: '<' not supported between instances of 'str' and 'int'


>>> MyList.print_sorted([33, 333,3333, 3, 0.3, 4])
[0.3, 3, 4, 33, 333, 3333]

>>> my_list = MyList()
>>> my_list.append(1)
>>> my_list.append(4)
>>> my_list.append(2)
>>> my_list.append(3)
>>> my_list.append(5)
>>> print(my_list)
[1, 4, 2, 3, 5]
>>> my_list.print_sorted()
[1, 2, 3, 4, 5]
>>> print(my_list)
[1, 4, 2, 3, 5]
>>> 

