The ``3-say_my_name`` module
==========================

Using ``say_my_name``
--------------------


This is the test case for say_my_name
Prints a string for names given

DEfine the module
>>> say_my_name = __import__('3-say_my_name').say_my_name

First name is not a string
>>> say_my_name(3, "l")
Traceback (most recent call last):
...
TypeError: first_name must be a string

Last name is not a string
>>> say_my_name("lee", 3)
Traceback (most recent call last):
...
TypeError: last_name must be a string

Normal Case
>>> say_my_name("lee", "Nduati")
My name is lee Nduati

First Name only
>>> say_my_name("lee")
My name is lee 

No parameters
>>> say_my_name()
Traceback (most recent call last):
...
TypeError: say_my_name() missing 1 required positional argument: 'first_name'
>>> 

