The ``5-text_indentation`` module
==========================

Using ``text_indentation``
--------------------


This is the test case for 5-text_indentation.
It prints a new text with newline after every .,:?

>>> text_indentation = __import__('5-text_indentation').text_indentation


>>> text_indentation()
Traceback (most recent call last):
...
TypeError: text_indentation() missing 1 required positional argument: 'text'


>>> text_indentation(None)
Traceback (most recent call last):
...
TypeError: text must be a string
 
>>> text_indentation("lee. nduati?. github: lee.nduati?alx:")
lee.

nduati?

.

github:

lee.

nduati?

alx:

>>> text_indentation(3)
Traceback (most recent call last):
...
TypeError: text must be a string

>>> text_indentation("3")
3
>>> text_indentation("lee.")
lee.
>>>  


